Array 'a' on line 1 must have positive non-zero length
