Type mismatch: bool is incompatible with str on line 9
