Type mismatch in parameter 0 of call to 'add2': expected int but found bool on line 16
Invalid number of function arguments on line 17
Invalid number of function arguments on line 18
