Program [line 1]
SYM TABLE:
 print_int : (int) -> void
 print_bool : (bool) -> void
 print_str : (str) -> void
 fact : (int) -> int
 main : () -> int

  FuncDecl name="fact" return_type=int parameters={n:int} [line 1]
  SYM TABLE:
   n : int

    Block [line 2]
    SYM TABLE:

        Block [line 4]
        SYM TABLE:

  FuncDecl name="main" return_type=int parameters={} [line 11]
  SYM TABLE:

    Block [line 12]
    SYM TABLE:
     a : int

