Program [line 1]
SYM TABLE:
 print_int : (int) -> void
 print_bool : (bool) -> void
 print_str : (str) -> void
 is_prime : (int) -> bool
 main : () -> int

  FuncDecl name="is_prime" return_type=bool parameters={n:int} [line 1]
  SYM TABLE:
   n : int

    Block [line 2]
    SYM TABLE:
     i : int

        Block [line 7]
        SYM TABLE:

        Block [line 12]
        SYM TABLE:

            Block [line 14]
            SYM TABLE:

  FuncDecl name="main" return_type=int parameters={} [line 24]
  SYM TABLE:

    Block [line 25]
    SYM TABLE:
     a : bool

