Type mismatch in parameter 0 of call to 'print_int': expected int but found str on line 3
