Program [line 1]
SYM TABLE:
 print_int : (int) -> void
 print_bool : (bool) -> void
 print_str : (str) -> void
 main : () -> int
 ongo : () -> void

  FuncDecl name="main" return_type=int parameters={} [line 1]
  SYM TABLE:

    Block [line 2]
    SYM TABLE:

  FuncDecl name="ongo" return_type=void parameters={} [line 6]
  SYM TABLE:

    Block [line 7]
    SYM TABLE:

